/*
 * Copyright (c) Splendid Data Product Development B.V. 2013 - 2022
 *
 * This program is free software: You may redistribute and/or modify under the
 * terms of the GNU General Public License as published by the Free Software
 * Foundation, either version 3 of the License, or (at Client's option) any
 * later version.
 *
 * This program is distributed in the hope that it will be useful, but WITHOUT
 * ANY WARRANTY; without even the implied warranty of MERCHANTABILITY or FITNESS
 * FOR A PARTICULAR PURPOSE. See the GNU General Public License for more
 * details.
 *
 * You should have received a copy of the GNU General Public License along with
 * this program.  If not, Client should obtain one via www.gnu.org/licenses/.
 */
-- init
create schema schema_1;
ERROR:  schema "schema_1" already exists
create extension session_variable version '3.2';
alter extension session_variable update to '3.3';
-- cleanup
drop schema if exists session_variable cascade;
NOTICE:  drop cascades to extension session_variable
